   1               		.file	"analog.c"
   2               	__SREG__ = 0x3f
   3               	__SP_H__ = 0x3e
   4               	__SP_L__ = 0x3d
   5               	__tmp_reg__ = 0
   6               	__zero_reg__ = 1
   7               		.global __do_copy_data
   8               		.global __do_clear_bss
  16               	.Ltext0:
  17               		.section	.text.analogRead,"ax",@progbits
  18               	.global	analogRead
  20               	analogRead:
  21               	.LFB0:
  22               	.LSM0:
  23               	.LVL0:
  24               	/* prologue: function */
  25               	/* frame size = 0 */
  26               	.LSM1:
  27 0000 8C30      		cpi r24,lo8(12)
  28 0002 00F0      		brlo .L2
  29 0004 20E0      		ldi r18,lo8(0)
  30 0006 30E0      		ldi r19,hi8(0)
  31 0008 00C0      		rjmp .L3
  32               	.L2:
  33               	.LBB2:
  34               	.LSM2:
  35 000a E82F      		mov r30,r24
  36 000c F0E0      		ldi r31,lo8(0)
  37 000e E050      		subi r30,lo8(-(adc_mapping))
  38 0010 F040      		sbci r31,hi8(-(adc_mapping))
  39               	/* #APP */
  40               	 ;  22 "analog.c" 1
  41 0012 8491      		lpm r24, Z
  42               		
  43               	 ;  0 "" 2
  44               	.LVL1:
  45               	/* #NOAPP */
  46 0014 4091 0000 		lds r20,analog_reference_config_val
  47               	.LBE2:
  48               	.LSM3:
  49 0018 8830      		cpi r24,lo8(8)
  50 001a 00F4      		brsh .L4
  51               	.LSM4:
  52 001c 9091 7E00 		lds r25,126
  53 0020 21E0      		ldi r18,lo8(1)
  54 0022 30E0      		ldi r19,hi8(1)
  55 0024 082E      		mov r0,r24
  56 0026 00C0      		rjmp 2f
  57 0028 220F      	1:	lsl r18
  58 002a 331F      		rol r19
  59 002c 0A94      	2:	dec r0
  60 002e 02F4      		brpl 1b
  61 0030 922B      		or r25,r18
  62 0032 9093 7E00 		sts 126,r25
  63               	.LSM5:
  64 0036 1092 7B00 		sts 123,__zero_reg__
  65 003a 00C0      		rjmp .L9
  66               	.L4:
  67               	.LSM6:
  68 003c 8850      		subi r24,lo8(-(-8))
  69               	.LVL2:
  70               	.LSM7:
  71 003e 9091 7D00 		lds r25,125
  72 0042 21E0      		ldi r18,lo8(1)
  73 0044 30E0      		ldi r19,hi8(1)
  74 0046 082E      		mov r0,r24
  75 0048 00C0      		rjmp 2f
  76 004a 220F      	1:	lsl r18
  77 004c 331F      		rol r19
  78 004e 0A94      	2:	dec r0
  79 0050 02F4      		brpl 1b
  80 0052 922B      		or r25,r18
  81 0054 9093 7D00 		sts 125,r25
  82               	.LSM8:
  83 0058 90E2      		ldi r25,lo8(32)
  84 005a 9093 7B00 		sts 123,r25
  85               	.LVL3:
  86               	.L9:
  87               	.LSM9:
  88 005e 842B      		or r24,r20
  89               	.LVL4:
  90 0060 8093 7C00 		sts 124,r24
  91               	.LSM10:
  92 0064 87EC      		ldi r24,lo8(-57)
  93 0066 8093 7A00 		sts 122,r24
  94               	.L6:
  95               	.LSM11:
  96 006a 8091 7A00 		lds r24,122
  97 006e 86FD      		sbrc r24,6
  98 0070 00C0      		rjmp .L6
  99               	.LSM12:
 100 0072 2091 7800 		lds r18,120
 101               	.LVL5:
 102               	.LSM13:
 103 0076 3091 7900 		lds r19,121
 104 007a 932F      		mov r25,r19
 105 007c 80E0      		ldi r24,lo8(0)
 106 007e 30E0      		ldi r19,lo8(0)
 107 0080 282B      		or r18,r24
 108 0082 392B      		or r19,r25
 109               	.LVL6:
 110               	.L3:
 111               	.LSM14:
 112 0084 C901      		movw r24,r18
 113               	.LVL7:
 114               	/* epilogue start */
 115 0086 0895      		ret
 116               	.LFE0:
 118               	.global	analog_reference_config_val
 119               		.data
 122               	analog_reference_config_val:
 123 0000 40        		.byte	64
 124               		.section	.progmem.data,"a",@progbits
 127               	adc_mapping:
 128 0000 00        		.byte	0
 129 0001 01        		.byte	1
 130 0002 04        		.byte	4
 131 0003 05        		.byte	5
 132 0004 06        		.byte	6
 133 0005 07        		.byte	7
 134 0006 0D        		.byte	13
 135 0007 0C        		.byte	12
 136 0008 0B        		.byte	11
 137 0009 0A        		.byte	10
 138 000a 09        		.byte	9
 139 000b 08        		.byte	8
 164               	.Letext0:
DEFINED SYMBOLS
                            *ABS*:0000000000000000 analog.c
     /tmp/ccosdNkR.s:2      *ABS*:000000000000003f __SREG__
     /tmp/ccosdNkR.s:3      *ABS*:000000000000003e __SP_H__
     /tmp/ccosdNkR.s:4      *ABS*:000000000000003d __SP_L__
     /tmp/ccosdNkR.s:5      *ABS*:0000000000000000 __tmp_reg__
     /tmp/ccosdNkR.s:6      *ABS*:0000000000000001 __zero_reg__
     /tmp/ccosdNkR.s:20     .text.analogRead:0000000000000000 analogRead
     /tmp/ccosdNkR.s:127    .progmem.data:0000000000000000 adc_mapping
     /tmp/ccosdNkR.s:122    .data:0000000000000000 analog_reference_config_val

UNDEFINED SYMBOLS
__do_copy_data
__do_clear_bss
